// Vitest Snapshot v1, https://vitest.dev/guide/snapshot.html

exports[`prompts.ts - Astrolabe Prompt Generator > A-3: 命盤詞彙 canonical 化 (ACL 介接) > summarizeAstrolabe zh-CN golden snapshot 1`] = `
"# 命盘基本信息
- 公历生日: 1988-8-16
- 农历生日: 一九八八年七月初五
- 八字/干支: 戊辰 庚申 癸卯 甲寅
- 性别: 男 | 生肖: 龙
- 局数: 火六局
- 命主: 廉贞 | 身主: 文昌
- 命宮地支: 午 | 身宮地支: 戌

# 十二宫位星曜配置

### 财帛 [甲寅] (大限 86-95岁)
- **主星**: 无主星（借对宫）
- **辅星/吉凶曜**: 天马
- **杂曜/神煞**: 解神、三台、天寿、天巫、阴煞、天哭

### 子女 [乙卯] (大限 96-105岁)
- **主星**: 天府(得)
- **杂曜/神煞**: 天官、天福、天刑

### 夫妻 [丙辰] (大限 106-115岁)
- **主星**: 太阴(陷·生年权)
- **辅星/吉凶曜**: 右弼(生年科)、火星(陷)、陀罗(庙)
- **杂曜/神煞**: 封诰、华盖

### 兄弟 [丁巳] (大限 116-125岁)
- **主星**: 廉贞(陷)、贪狼(陷·生年禄)
- **辅星/吉凶曜**: 禄存
- **杂曜/神煞**: 天喜、天空、劫杀、孤辰

### 命宫 [戊午] (大限 6-15岁)
- **主星**: 巨门(旺)
- **辅星/吉凶曜**: 文曲(陷)、擎羊(陷)
- **杂曜/神煞**: 凤阁、天厨、蜚廉、年解

### 父母 [己未] (大限 16-25岁)
- **主星**: 天相(得)
- **辅星/吉凶曜**: 天钺
- **杂曜/神煞**: 天姚

### 福德 [庚申] (大限 26-35岁)
- **主星**: 天同(旺)、天梁(陷)
- **辅星/吉凶曜**: 文昌(得)
- **杂曜/神煞**: 龙池、台辅

### 田宅 [辛酉] (大限 36-45岁)
- **主星**: 武曲(利)、七杀(庙)
- **辅星/吉凶曜**: 地空
- **杂曜/神煞**: 咸池、天贵、月德

### 官禄 [壬戌]【身宮】 (大限 46-55岁)
- **主星**: 太阳(不)
- **辅星/吉凶曜**: 左辅
- **杂曜/神煞**: 天才、旬空、天虚

### 仆役 [癸亥] (大限 56-65岁)
- **主星**: 无主星（借对宫）
- **杂曜/神煞**: 红鸾、恩光、天月、龙德、大耗、天伤

### 迁移 [甲子] (大限 66-75岁)
- **主星**: 天机(庙·生年忌)
- **辅星/吉凶曜**: 铃星(陷)
- **杂曜/神煞**: 八座、截空

### 疾厄 [乙丑] (大限 76-85岁)
- **主星**: 紫微(庙)、破军(旺)
- **辅星/吉凶曜**: 天魁、地劫
- **杂曜/神煞**: 天德、寡宿、破碎、天使"
`;

exports[`prompts.ts - Astrolabe Prompt Generator > A-3: 命盤詞彙 canonical 化 (ACL 介接) > summarizeAstrolabe zh-TW golden snapshot 1`] = `
"# 命盤基本資訊
- 西元生日: 1988-8-16
- 農曆生日: 一九八八年七月初五
- 八字/干支: 戊辰 庚申 癸卯 甲寅
- 性別: 男 | 生肖: 龍
- 局數: 火六局
- 命主: 廉貞 | 身主: 文昌
- 命宮地支: 午 | 身宮地支: 戌

# 十二宮位星曜配置

### 財帛 [甲寅] (大限 86-95歲)
- **主星**: 無主星（借對宮）
- **輔星/吉凶曜**: 天馬
- **雜曜/神煞**: 解神、三台、天壽、天巫、陰煞、天哭

### 子女 [乙卯] (大限 96-105歲)
- **主星**: 天府(得)
- **雜曜/神煞**: 天官、天福、天刑

### 夫妻 [丙辰] (大限 106-115歲)
- **主星**: 太陰(陷·生年權)
- **輔星/吉凶曜**: 右弼(生年科)、火星(陷)、陀羅(廟)
- **雜曜/神煞**: 封誥、華蓋

### 兄弟 [丁巳] (大限 116-125歲)
- **主星**: 廉貞(陷)、貪狼(陷·生年祿)
- **輔星/吉凶曜**: 祿存
- **雜曜/神煞**: 天喜、天空、劫殺、孤辰

### 命宮 [戊午] (大限 6-15歲)
- **主星**: 巨門(旺)
- **輔星/吉凶曜**: 文曲(陷)、擎羊(陷)
- **雜曜/神煞**: 鳳閣、天廚、蜚廉、年解

### 父母 [己未] (大限 16-25歲)
- **主星**: 天相(得)
- **輔星/吉凶曜**: 天鉞
- **雜曜/神煞**: 天姚

### 福德 [庚申] (大限 26-35歲)
- **主星**: 天同(旺)、天梁(陷)
- **輔星/吉凶曜**: 文昌(得)
- **雜曜/神煞**: 龍池、台輔

### 田宅 [辛酉] (大限 36-45歲)
- **主星**: 武曲(利)、七殺(廟)
- **輔星/吉凶曜**: 地空
- **雜曜/神煞**: 咸池、天貴、月德

### 官祿 [壬戌]【身宮】 (大限 46-55歲)
- **主星**: 太陽(不)
- **輔星/吉凶曜**: 左輔
- **雜曜/神煞**: 天才、旬空、天虛

### 僕役 [癸亥] (大限 56-65歲)
- **主星**: 無主星（借對宮）
- **雜曜/神煞**: 紅鸞、恩光、天月、龍德、大耗、天傷

### 遷移 [甲子] (大限 66-75歲)
- **主星**: 天機(廟·生年忌)
- **輔星/吉凶曜**: 鈴星(陷)
- **雜曜/神煞**: 八座、截空

### 疾厄 [乙丑] (大限 76-85歲)
- **主星**: 紫微(廟)、破軍(旺)
- **輔星/吉凶曜**: 天魁、地劫
- **雜曜/神煞**: 天德、寡宿、破碎、天使"
`;
